# Graph Testing File.
# Tests that a graph can be created.

# Create a graph
created graph graph1

# Print the vertex in the graph
graph1 contains:
